# hertha/Pages.lst
#
index|Titelsida|
#
|<h2>Förra delen</h2>|
#
kap01|Aftonsällskap|
kap02|Här och där under hemvägen|
kap03|Det gamla huset|
kap04|Systrarna|
kap05|Herthas dröm|
kap06|Mordbrandsnatten|
kap07|Natten på Kungsfältet|
kap08|Följder|
kap09|Klockornas sång|
kap10|Far och dotter.  En blomma på graven|
kap11|Skymningens son|
kap12|Nya upptåg och tillställningar|
kap13|Herthas del|
kap14|Det nya hemmet|
kap15|En ny bekantskap|
#
|<h2>Senare delen</h2>|
#
kap16|Kärlek|
kap17|Ormen|
kap18|Namnet|
kap19|Resan|
kap20|Sanct Britas sommar|
kap21|Mötet vid graven|
kap22|Lek och dans|
kap23|Samtal under vägen|
kap24|Den stora rättegången|
kap25|En stund|
kap26|Sju år. Patriarkaliska förhållanden|
kap27|Samtal under ett paraply|
kap28|Bröllop i Kungsköping|
kap29|En valkamp|
kap30|Ännu ett bröllop|
kap31|Herthas hem. Om morgonen|
kap32|Herthas hem. Om aftonen|
kap33|Far och dotter ännu en gång|
kap34|Vigseln|
kap35|Ett solvarv|
kap36|Dödens ängel|
kap37|Allhelgonalugnet|
kap38|Stycken ur Herthas dagbok|
kap39|Kungsköpingsborna|
#
bilaga|Bilaga|
#
# THE END
#
